// Jest Snapshot v1, https://goo.gl/fbAQLP

exports[`<QtyInput/> rendered sucessfully 1`] = `
<View
  style={
    [
      {
        "display": "flex",
      },
      {
        "flexDirection": "row",
      },
    ]
  }
>
  <View
    accessibilityState={
      {
        "busy": undefined,
        "checked": undefined,
        "disabled": undefined,
        "expanded": undefined,
        "selected": undefined,
      }
    }
    accessibilityValue={
      {
        "max": undefined,
        "min": undefined,
        "now": undefined,
        "text": undefined,
      }
    }
    accessible={true}
    collapsable={false}
    focusable={true}
    onClick={[Function]}
    onResponderGrant={[Function]}
    onResponderMove={[Function]}
    onResponderRelease={[Function]}
    onResponderTerminate={[Function]}
    onResponderTerminationRequest={[Function]}
    onStartShouldSetResponder={[Function]}
    style={
      {
        "alignItems": "center",
        "backgroundColor": "#000",
        "justifyContent": "center",
        "opacity": 1,
        "paddingBottom": 8,
        "paddingLeft": 8,
        "paddingRight": 8,
        "paddingTop": 8,
      }
    }
  >
    <Text />
  </View>
  <TextInput
    editable={false}
    style={
      [
        {
          "borderBottomWidth": 1,
          "borderLeftWidth": 1,
          "borderRightWidth": 1,
          "borderTopWidth": 1,
        },
        {
          "borderBottomColor": "#d1d5db",
          "borderLeftColor": "#d1d5db",
          "borderRightColor": "#d1d5db",
          "borderTopColor": "#d1d5db",
        },
        {
          "paddingBottom": 8,
          "paddingLeft": 8,
          "paddingRight": 8,
          "paddingTop": 8,
        },
        {
          "width": 40,
        },
        {
          "textAlign": "center",
        },
        {
          "alignItems": "center",
        },
      ]
    }
    value="undefined"
  />
  <View
    accessibilityState={
      {
        "busy": undefined,
        "checked": undefined,
        "disabled": undefined,
        "expanded": undefined,
        "selected": undefined,
      }
    }
    accessibilityValue={
      {
        "max": undefined,
        "min": undefined,
        "now": undefined,
        "text": undefined,
      }
    }
    accessible={true}
    collapsable={false}
    focusable={true}
    onClick={[Function]}
    onResponderGrant={[Function]}
    onResponderMove={[Function]}
    onResponderRelease={[Function]}
    onResponderTerminate={[Function]}
    onResponderTerminationRequest={[Function]}
    onStartShouldSetResponder={[Function]}
    style={
      {
        "alignItems": "center",
        "backgroundColor": "#000",
        "justifyContent": "center",
        "opacity": 1,
        "paddingBottom": 8,
        "paddingLeft": 8,
        "paddingRight": 8,
        "paddingTop": 8,
      }
    }
  >
    <Text />
  </View>
</View>
`;
